// Jest Snapshot v1, https://goo.gl/fbAQLP

exports[`svgToComponentModule works 1`] = `
"\\"use strict\\";
const React = require(\\"react\\");

class Airplane extends React.PureComponent {
  render() {
    return (
      <svg {...this.props} viewBox=\\"0 0 18 18\\">
        <path d=\\"M7 4l1.6 4H5.5S4.1 6 3 6h-.8L3 8l1 3h4.6L7 15h2l3.2-4H14c1 0 2-.7 2-1.5S15 8 14 8h-1.8L9 4H7z\\" />
      </svg>
    );
  }
}

module.exports = Airplane;
"
`;
